// Jest Snapshot v1, https://goo.gl/fbAQLP

exports[`Testing foods: expect throw error snapshot 1`] = `"Oops, I don't eat wood"`;
